// Jest Snapshot v1, https://goo.gl/fbAQLP

exports[`Testing New Item page matches snapshot 1`] = `
<Fragment>
  <Button
    className="abs-button"
    onClick={[Function]}
  >
    Home
  </Button>
  <div
    className="form"
  >
    <div
      className="input-element"
    >
      <label
        className="label"
      >
        Name
      </label>
      <input
        className="input"
        name="name"
        onChange={[Function]}
        type="text"
        value=""
      />
    </div>
    <div
      className="input-element"
    >
      <label
        className="label"
      >
        Company Name
      </label>
      <input
        className="input"
        name="companyName"
        onChange={[Function]}
        type="text"
        value=""
      />
    </div>
    <div
      className="input-element"
    >
      <label
        className="label"
      >
        Stock
      </label>
      <input
        className="input"
        name="stock"
        onChange={[Function]}
        step={1}
        type="number"
        value={0}
      />
    </div>
    <div
      className="form-btn"
    >
      <Button
        id="btn1"
        onClick={null}
      >
        Add Item
      </Button>
    </div>
  </div>
  <div
    className="logout"
  >
    <span
      className="username"
    />
    <Button
      onClick={[Function]}
    >
      Logout
    </Button>
  </div>
</Fragment>
`;
