// Jest Snapshot v1, https://goo.gl/fbAQLP

exports[`Testing Home page matches snapshot 1`] = `
<Fragment>
  <h1
    className="title"
  >
    STOCK MANAGER
  </h1>
  <div
    className="main"
  >
    <div
      className="btn1"
    >
      <Link
        to="/new"
      >
        <Button>
          New Stock
        </Button>
      </Link>
    </div>
    <div
      className="stock-list"
    >
      <StockCardList />
    </div>
  </div>
  <div
    className="logout"
  >
    <span
      className="username"
    />
    <Button
      onClick={[Function]}
    >
      Logout
    </Button>
  </div>
</Fragment>
`;
